
> vite_react_shadcn_ts@0.0.0 build
> vite build

[36mvite v5.4.19 [32mbuilding for production...[36m[39m
transforming...
node.exe : 
Browserslist: 
browsers data 
(caniuse-lite) is 8 
months old. Please 
run:
At C:\Program Files\no
dejs\npm.ps1:29 char:3
+   & $NODE_EXE 
$NPM_CLI_JS $args
+   ~~~~~~~~~~~~~~~~~~
~~~~~~~~~~~
    + CategoryInfo    
          : NotSpeci  
  fied: (Browsersli   
 st: b...ld. Pleas    
e run::String) []    
, RemoteException
    + FullyQualifiedE 
   rrorId : NativeCo  
  mmandError
 
  npx update-browsersl
ist-db@latest
  Why you should do 
it regularly: https://
github.com/browserslis
t/update-db#readme
[32mΓ£ô[39m 1731 modules transformed.
[31mx[39m Build 
failed in 1.60s
[31merror during 
build:
[31m[vite:asset] 
Could not load C:\User
s\VKTPL\Downloads\mark
et-pulse-daily-main\ma
rket-pulse-daily-main\
src/assets/nifty-chart
.png (imported by src/
components/FeaturesSec
tion.tsx): ENOENT: no 
such file or 
directory, open 'C:\Us
ers\VKTPL\Downloads\ma
rket-pulse-daily-main\
market-pulse-daily-mai
n\src\assets\nifty-cha
rt.png'[31m
    at async open (nod
e:internal/fs/promises
:633:25)
    at async 
Object.readFile (node:
internal/fs/promises:1
237:14)
    at async 
fileToBuiltUrl (file:/
//C:/Users/VKTPL/Downl
oads/market-pulse-dail
y-main/market-pulse-da
ily-main/node_modules/
vite/dist/node/chunks/
dep-C6uTJdX2.js:20428:
19)
    at async 
Object.load (file:///C
:/Users/VKTPL/Download
s/market-pulse-daily-m
ain/market-pulse-daily
-main/node_modules/vit
e/dist/node/chunks/dep
-C6uTJdX2.js:20328:17)
    at async PluginDri
ver.hookFirstAndGetPlu
gin (file:///C:/Users/
VKTPL/Downloads/market
-pulse-daily-main/mark
et-pulse-daily-main/no
de_modules/rollup/dist
/es/shared/node-entry.
js:20630:28)
    at async file:///C
:/Users/VKTPL/Download
s/market-pulse-daily-m
ain/market-pulse-daily
-main/node_modules/rol
lup/dist/es/shared/nod
e-entry.js:19750:33
    at async 
Queue.work (file:///C:
/Users/VKTPL/Downloads
/market-pulse-daily-ma
in/market-pulse-daily-
main/node_modules/roll
up/dist/es/shared/node
-entry.js:20840:32)[3
9m
